// Jest Snapshot v1, https://goo.gl/fbAQLP

exports[`should match snapshot 1`] = `
<div
  className="ChatMessage-myMessageWrapper-66"
>
  <div
    className="MuiAvatar-root-67 MuiAvatar-colorDefault-68 ChatMessage-myMessageAvatar-62"
    style={
      Object {
        "backgroundColor": "#795548",
        "color": "rgba(255, 255, 255, 1)",
        "materialColorName": "Brown",
      }
    }
  >
    t
  </div>
  <div
    className="MuiPaper-root-70 MuiPaper-shadow2-74 MuiPaper-rounded-71 ChatMessage-message-63 ChatMessage-myMessage-64"
  >
    <span
      className="MuiTypography-root-97 MuiTypography-caption-107"
      style={
        Object {
          "color": "#795548",
        }
      }
    >
      test_user
    </span>
    <p
      className="MuiTypography-root-97 MuiTypography-body1-106"
    >
      Hello, world!
    </p>
    <span
      className="MuiTypography-root-97 MuiTypography-caption-107"
    >
      2 days ago
    </span>
  </div>
</div>
`;
